// Jest Snapshot v1, https://goo.gl/fbAQLP

exports[`AdminPage should render the AdminPage Component correctly 1`] = `
<div
  className="container dashboard"
>
  <div
    className="form-group"
  >
    <h4>
      Filters:
    </h4>
    <select
      className="mr-2 select"
      name="user_id"
      onChange={[Function]}
    >
      <option
        disabled={true}
        hidden={true}
        key="n"
        value=""
      >
        User
      </option>
    </select>
    <select
      className="mr-2 select"
      name="project"
      onChange={[Function]}
    >
      <option
        disabled={true}
        hidden={true}
        key="pr"
        value=""
      >
        Project
      </option>
    </select>
    <select
      className="mr-2 select"
      name="category"
      onChange={[Function]}
    >
      <option
        disabled={true}
        hidden={true}
        key="ct"
        value=""
      >
        Category
      </option>
    </select>
    <button
      className="btn btn-outline-danger ml-2"
      onClick={[Function]}
    >
      x
    </button>
  </div>
  <div>
    <button
      className="btn"
      onClick={[Function]}
    >
      &lt;
    </button>
    <input
      className="form-control-inline w-25 date"
      onChange={[Function]}
      type="date"
      value="2021-03-16"
    />
    <button
      className="btn"
      onClick={[Function]}
    >
      &gt;
    </button>
  </div>
  <div>
    <table
      className="table"
    >
      <thead>
        <tr>
          <th
            scope="col"
          >
            User
          </th>
          <th
            scope="col"
          >
            Project
          </th>
          <th
            scope="col"
          >
            Category
          </th>
          <th
            scope="col"
          >
            Hours
          </th>
          <th
            scope="col"
          >
            Actions
          </th>
        </tr>
      </thead>
      <tbody />
      <thead>
        <tr>
          <th
            className="total"
            colSpan="4"
          >
            Total: 
            0
          </th>
          <th
            className="total"
            scope="col"
          >
            <div
              className="form-group"
            >
              <button
                className="btn"
                onClick={[Function]}
              >
                &lt;
              </button>
              Page: 
              1
              <button
                className="btn"
                onClick={[Function]}
              >
                &gt;
              </button>
            </div>
          </th>
        </tr>
      </thead>
    </table>
  </div>
</div>
`;
